
 Hello world
Hello world
(applied_python)[hhbar@ip-172-30-0-38 classe1]$ git add bransh_test_file.txt 
(applied_python)[hhbar@ip-172-30-0-38 classe1]$ git commit -m " Brach test"
[test 07fbc58]  Brach test
 1 file changed, 2 insertions(+)Hello world
(applied_python)[hhbar@ip-172-30-0-38 classe1]$ git add bransh_test_file.txt 
(applied_python)[hhbar@ip-172-30-0-38 classe1]$ git commit -m " Brach test"
[test 07fbc58]  Brach test
 1 file changed, 2 insertions(+)
(applied_python)[hhbar@ip-172-30-0-38 classe1]$ git add bransh_test_file.txt 
(applied_python)[hhbar@ip-172-30-0-38 classe1]$ git commit -m " Brach test"
[test 07fbc58]  Brach test
 1 file changed, 2 insertions(+
